[
  {
    "id": 123,
    "nomeFantasia": "Novo Restaurante",
    "proprietario": "ID DO KEYCLOAK"
  },
  {
    "id": 1234,
    "nomeFantasia": "Novo Restaurante 2",
    "proprietario": "ID DO KEYCLOAK 2"
  }
]